go : # proyecto_movilidad_fcvt/internal/storage/storage_transporte
En línea: 1 Carácter: 1
+ go build ./... 2>&1 | Tee-Object -FilePath build_errors.txt
+ ~~~~~~~~~~~~~~~~~~~
    + CategoryInfo          : NotSpecified: (# proyecto_movi...rage_transporte:String) [], 
    RemoteException
    + FullyQualifiedErrorId : NativeCommandError
 
internal\storage\storage_transporte\sqlc.go:31:40: undefined: models
internal\storage\storage_transporte\sqlc.go:41:38: undefined: models
internal\storage\storage_transporte\sqlc.go:50:32: undefined: sqlcdb.Locacion
internal\storage\storage_transporte\sqlc.go:50:42: undefined: models
internal\storage\storage_transporte\sqlc.go:60:33: undefined: sqlcdb.Solicitud
internal\storage\storage_transporte\sqlc.go:60:44: undefined: models
internal\storage\storage_transporte\sqlc.go:81:39: undefined: models
internal\storage\storage_transporte\sqlc.go:93:48: undefined: models
internal\storage\storage_transporte\sqlc.go:101:35: undefined: models
internal\storage\storage_transporte\sqlc.go:109:52: undefined: models
internal\storage\storage_transporte\sqlc.go:109:52: too many errors
